
 RUN  v3.0.9 D:/Open Source/k/postgres-meta

stdout | test/server/typegen_repro.test.ts > repro: typescript generation issues
Processing function: public.zero_arg_fn. In schema cache: true. inArgs: 0
Processing function: public.name_translated. In schema cache: true. inArgs: 1
Processing function: public.fn_with_single_unnamed_table_arg. In schema cache: true. inArgs: 1

stdout | test/server/typegen_repro.test.ts > repro: typescript generation issues
export type Json =
  | string
  | number
  | boolean
  | null
  | { [key: string]: Json | undefined }
  | Json[]

export type Database = {
  public: {
    Tables: {
      products: {
        Row: {
          id: number
          name: string
          fn_with_single_unnamed_table_arg: string | null
          name_translated: string | null
        }
        Insert: {
          id?: number
          name: string
        }
        Update: {
          id?: number
          name?: string
        }
        Relationships: []
      }
    }
    Views: {
      [_ in never]: never
    }
    Functions: {
      fn_with_single_unnamed_table_arg: {
        Args: { "": Database["public"]["Tables"]["products"]["Row"] }
        Returns: {
          error: true
        } & "the function public.fn_with_single_unnamed_table_arg with parameter or with a single unnamed json/jsonb parameter, but no matches were found in the schema cache"
      }
      name_translated: {
        Args: { "": Database["public"]["Tables"]["products"]["Row"] }
        Returns: {
          error: true
        } & "the function public.name_translated with parameter or with a single unnamed json/jsonb parameter, but no matches were found in the schema cache"
      }
      zero_arg_fn: { Args: Record<PropertyKey, never>; Returns: number }
    }
    Enums: {
      [_ in never]: never
    }
    CompositeTypes: {
      [_ in never]: never
    }
  }
}

type DatabaseWithoutInternals = Omit<Database, "__InternalSupabase">

type DefaultSchema = DatabaseWithoutInternals[Extract<keyof Database, "public">]

export type Tables<
  DefaultSchemaTableNameOrOptions extends
    | keyof (DefaultSchema["Tables"] & DefaultSchema["Views"])
    | { schema: keyof DatabaseWithoutInternals },
  TableName extends DefaultSchemaTableNameOrOptions extends {
    schema: keyof DatabaseWithoutInternals
  }
    ? keyof (DatabaseWithoutInternals[DefaultSchemaTableNameOrOptions["schema"]]["Tables"] &
        DatabaseWithoutInternals[DefaultSchemaTableNameOrOptions["schema"]]["Views"])
    : never = never,
> = DefaultSchemaTableNameOrOptions extends {
  schema: keyof DatabaseWithoutInternals
}
  ? (DatabaseWithoutInternals[DefaultSchemaTableNameOrOptions["schema"]]["Tables"] &
      DatabaseWithoutInternals[DefaultSchemaTableNameOrOptions["schema"]]["Views"])[TableName] extends {
      Row: infer R
    }
    ? R
    : never
  : DefaultSchemaTableNameOrOptions extends keyof (DefaultSchema["Tables"] &
        DefaultSchema["Views"])
    ? (DefaultSchema["Tables"] &
        DefaultSchema["Views"])[DefaultSchemaTableNameOrOptions] extends {
        Row: infer R
      }
      ? R
      : never
    : never

export type TablesInsert<
  DefaultSchemaTableNameOrOptions extends
    | keyof DefaultSchema["Tables"]
    | { schema: keyof DatabaseWithoutInternals },
  TableName extends DefaultSchemaTableNameOrOptions extends {
    schema: keyof DatabaseWithoutInternals
  }
    ? keyof DatabaseWithoutInternals[DefaultSchemaTableNameOrOptions["schema"]]["Tables"]
    : never = never,
> = DefaultSchemaTableNameOrOptions extends {
  schema: keyof DatabaseWithoutInternals
}
  ? DatabaseWithoutInternals[DefaultSchemaTableNameOrOptions["schema"]]["Tables"][TableName] extends {
      Insert: infer I
    }
    ? I
    : never
  : DefaultSchemaTableNameOrOptions extends keyof DefaultSchema["Tables"]
    ? DefaultSchema["Tables"][DefaultSchemaTableNameOrOptions] extends {
        Insert: infer I
      }
      ? I
      : never
    : never

export type TablesUpdate<
  DefaultSchemaTableNameOrOptions extends
    | keyof DefaultSchema["Tables"]
    | { schema: keyof DatabaseWithoutInternals },
  TableName extends DefaultSchemaTableNameOrOptions extends {
    schema: keyof DatabaseWithoutInternals
  }
    ? keyof DatabaseWithoutInternals[DefaultSchemaTableNameOrOptions["schema"]]["Tables"]
    : never = never,
> = DefaultSchemaTableNameOrOptions extends {
  schema: keyof DatabaseWithoutInternals
}
  ? DatabaseWithoutInternals[DefaultSchemaTableNameOrOptions["schema"]]["Tables"][TableName] extends {
      Update: infer U
    }
    ? U
    : never
  : DefaultSchemaTableNameOrOptions extends keyof DefaultSchema["Tables"]
    ? DefaultSchema["Tables"][DefaultSchemaTableNameOrOptions] extends {
        Update: infer U
      }
      ? U
      : never
    : never

export type Enums<
  DefaultSchemaEnumNameOrOptions extends
    | keyof DefaultSchema["Enums"]
    | { schema: keyof DatabaseWithoutInternals },
  EnumName extends DefaultSchemaEnumNameOrOptions extends {
    schema: keyof DatabaseWithoutInternals
  }
    ? keyof DatabaseWithoutInternals[DefaultSchemaEnumNameOrOptions["schema"]]["Enums"]
    : never = never,
> = DefaultSchemaEnumNameOrOptions extends {
  schema: keyof DatabaseWithoutInternals
}
  ? DatabaseWithoutInternals[DefaultSchemaEnumNameOrOptions["schema"]]["Enums"][EnumName]
  : DefaultSchemaEnumNameOrOptions extends keyof DefaultSchema["Enums"]
    ? DefaultSchema["Enums"][DefaultSchemaEnumNameOrOptions]
    : never

export type CompositeTypes<
  PublicCompositeTypeNameOrOptions extends
    | keyof DefaultSchema["CompositeTypes"]
    | { schema: keyof DatabaseWithoutInternals },
  CompositeTypeName extends PublicCompositeTypeNameOrOptions extends {
    schema: keyof DatabaseWithoutInternals
  }
    ? keyof DatabaseWithoutInternals[PublicCompositeTypeNameOrOptions["schema"]]["CompositeTypes"]
    : never = never,
> = PublicCompositeTypeNameOrOptions extends {
  schema: keyof DatabaseWithoutInternals
}
  ? DatabaseWithoutInternals[PublicCompositeTypeNameOrOptions["schema"]]["CompositeTypes"][CompositeTypeName]
  : PublicCompositeTypeNameOrOptions extends keyof DefaultSchema["CompositeTypes"]
    ? DefaultSchema["CompositeTypes"][PublicCompositeTypeNameOrOptions]
    : never

export const Constants = {
  public: {
    Enums: {},
  },
} as const


 Γ¥» test/server/typegen_repro.test.ts (1 test | 1 failed) 171ms
   ├ù repro: typescript generation issues 170ms
     ΓåÆ expected 'export type Json =\n  | string\n  | nΓÇª' to contain '"zero_arg_fn"'

 Test Files  1 failed (1)
      Tests  1 failed (1)
   Start at  10:04:19
   Duration  891ms (transform 112ms, setup 0ms, collect 180ms, tests 171ms, environment 0ms, prepare 157ms)

