
 RUN  v3.0.9 D:/Open Source/k/postgres-meta

stdout | test/server/typegen_repro.test.ts > repro: typescript generation issues
Processing function: public.zero_arg_fn. In schema cache: true. inArgs: 0
Processing function: public.name_translated. In schema cache: true. inArgs: 1
Processing function: public.fn_with_single_unnamed_table_arg. In schema cache: true. inArgs: 1

stdout | test/server/typegen_repro.test.ts > repro: typescript generation issues
export type Json =
  | string
  | number
  | boolean
  | null
  | { [key: string]: Json | undefined }
  | Json[]

export type Database = {
  public: {
    Tables: {
      products: {
        Row: {
          id: number
          name: string
          fn_with_single_unnamed_table_arg: string | null
          name_translated: string | null
        }
        Insert: {
          id?: number
          name: string
        }
        Update: {
          id?: number
          name?: string
        }
        Relationships: []
      }
    }
    Views: {
      [_ in never]: never
    }
    Functions: {
      fn_with_single_unnamed_table_arg: {
        Args: { "": Database["public"]["Tables"]["products"]["Row"] }
        Returns: {
          error: true
        } & "the function public.fn_with_single_unnamed_table_arg with parameter or with a single unnamed json/jsonb parameter, but no matches were found in the schema cache"
      }
      name_translated: {
        Args: { "": Database["public"]["Tables"]["products"]["Row"] }
        Returns: {
          error: true
        } & "the function public.name_translated with parameter or with a single unnamed json/jsonb parameter, but no matches were found in the schema cache"
      }
      zero_arg_fn: { Args: Record<PropertyKey, never>; Returns: number }
    }
    Enums: {
      [_ in never]: never
    }
    CompositeTypes: {
      [_ in never]: never
    }
  }
}

type DatabaseWithoutInternals = Omit<Database, "__InternalSupabase">

type DefaultSchema = DatabaseWithoutInternals[Extract<keyof Database, "public">]

export type Tables<
  DefaultSchemaTableNameOrOptions extends
    | keyof (DefaultSchema["Tables"] & DefaultSchema["Views"])
    | { schema: keyof DatabaseWithoutInternals },
  TableName extends DefaultSchemaTableNameOrOptions extends {
    schema: keyof DatabaseWithoutInternals
  }
    ? keyof (DatabaseWithoutInternals[DefaultSchemaTableNameOrOptions["schema"]]["Tables"] &
        DatabaseWithoutInternals[DefaultSchemaTableNameOrOptions["schema"]]["Views"])
    : never = never,
> = DefaultSchemaTableNameOrOptions extends {
  schema: keyof DatabaseWithoutInternals
}
  ? (DatabaseWithoutInternals[DefaultSchemaTableNameOrOptions["schema"]]["Tables"] &
      DatabaseWithoutInternals[DefaultSchemaTableNameOrOptions["schema"]]["Views"])[TableName] extends {
      Row: infer R
    }
    ? R
    : never
  : DefaultSchemaTableNameOrOptions extends keyof (DefaultSchema["Tables"] &
        DefaultSchema["Views"])
    ? (DefaultSchema["Tables"] &
        DefaultSchema["Views"])[DefaultSchemaTableNameOrOptions] extends {
        Row: infer R
      }
      ? R
      : never
    : never

export type TablesInsert<
  DefaultSchemaTableNameOrOptions extends
    | keyof DefaultSchema["Tables"]
    | { schema: keyof DatabaseWithoutInternals },
  TableName extends DefaultSchemaTableNameOrOptions extends {
    schema: keyof DatabaseWithoutInternals
  }
    ? keyof DatabaseWithoutInternals[DefaultSchemaTableNameOrOptions["schema"]]["Tables"]
    : never = never,
> = DefaultSchemaTableNameOrOptions extends {
  schema: keyof DatabaseWithoutInternals
}
  ? DatabaseWithoutInternals[DefaultSchemaTableNameOrOptions["schema"]]["Tables"][TableName] extends {
      Insert: infer I
    }
    ? I
    : never
  : DefaultSchemaTableNameOrOptions extends keyof DefaultSchema["Tables"]
    ? DefaultSchema["Tables"][DefaultSchemaTableNameOrOptions] extends {
        Insert: infer I
      }
      ? I
      : never
    : never

export type TablesUpdate<
  DefaultSchemaTableNameOrOptions extends
    | keyof DefaultSchema["Tables"]
    | { schema: keyof DatabaseWithoutInternals },
  TableName extends DefaultSchemaTableNameOrOptions extends {
    schema: keyof DatabaseWithoutInternals
  }
    ? keyof DatabaseWithoutInternals[DefaultSchemaTableNameOrOptions["schema"]]["Tables"]
    : never = never,
> = DefaultSchemaTableNameOrOptions extends {
  schema: keyof DatabaseWithoutInternals
}
  ? DatabaseWithoutInternals[DefaultSchemaTableNameOrOptions["schema"]]["Tables"][TableName] extends {
      Update: infer U
    }
    ? U
    : never
  : DefaultSchemaTableNameOrOptions extends keyof DefaultSchema["Tables"]
    ? DefaultSchema["Tables"][DefaultSchemaTableNameOrOptions] extends {
        Update: infer U
      }
      ? U
      : never
    : never

export type Enums<
  DefaultSchemaEnumNameOrOptions extends
    | keyof DefaultSchema["Enums"]
    | { schema: keyof DatabaseWithoutInternals },
  EnumName extends DefaultSchemaEnumNameOrOptions extends {
    schema: keyof DatabaseWithoutInternals
  }
    ? keyof DatabaseWithoutInternals[DefaultSchemaEnumNameOrOptions["schema"]]["Enums"]
    : never = never,
> = DefaultSchemaEnumNameOrOptions extends {
  schema: keyof DatabaseWithoutInternals
}
  ? DatabaseWithoutInternals[DefaultSchemaEnumNameOrOptions["schema"]]["Enums"][EnumName]
  : DefaultSchemaEnumNameOrOptions extends keyof DefaultSchema["Enums"]
    ? DefaultSchema["Enums"][DefaultSchemaEnumNameOrOptions]
    : never

export type CompositeTypes<
node.exe : 
At line:1 char:1
+ & "C:\Program Files
\nodejs/node.exe" 
"C:\Program 
Files\nodejs/node_mo 
...
+ ~~~~~~~~~~~~~~~~~~~
~~~~~~~~~~~~~~~~~~~~~
~~~~~~~~~~~~~~~~~~~~~
~~~~~~~~
    + CategoryInfo   
           : NotSpe  
  cified: (:String   
 ) [], RemoteExce    
ption
    + FullyQualified 
   ErrorId : Native  
  CommandError
 
ΓÄ»ΓÄ»ΓÄ»ΓÄ»ΓÄ»ΓÄ»ΓÄ»
 Failed Tests 1 
ΓÄ»ΓÄ»ΓÄ»ΓÄ»ΓÄ»ΓÄ»ΓÄ»

 FAIL  test/server/ty
pegen_repro.test.ts 
> repro: typescript 
generation issues
AssertionError: 
expected 'export 
type Json =\n  | 
string\n  | nΓÇª' to 
contain 
'"zero_arg_fn"'

[32m- Expected[39m
[31m+ Received[39m

[32m- 
"zero_arg_fn"[39m
[31m+ export type 
Json =[39m
[31m+   | 
string[39m
[31m+   | 
number[39m
[31m+   | 
boolean[39m
[31m+   | null[39m
[31m+   | { [key: 
string]: Json | 
undefined }[39m
[31m+   | 
Json[][39m
[31m+[39m
[31m+ export type 
Database = {[39m
[31m+   public: 
{[39m
[31m+     Tables: 
{[39m
[31m+       
products: {[39m
[31m+         Row: 
{[39m
[31m+           id: 
number[39m
[31m+           
name: string[39m
[31m+           fn_w
ith_single_unnamed_ta
ble_arg: string | 
null[39m
[31m+           
name_translated: 
string | null[39m
[31m+         }[39m
[31m+         
Insert: {[39m
[31m+           
id?: number[39m
[31m+           
name: string[39m
[31m+         }[39m
[31m+         
Update: {[39m
[31m+           
id?: number[39m
[31m+           
name?: string[39m
[31m+         }[39m
[31m+         
Relationships: 
[][39m
[31m+       }[39m
[31m+     }[39m
[31m+     Views: 
{[39m
[31m+       [_ in 
never]: never[39m
[31m+     }[39m
[31m+     
Functions: {[39m
[31m+       fn_with_
single_unnamed_table_
arg: {[39m
[31m+         Args: 
{ "": Database["publi
c"]["Tables"]["produc
ts"]["Row"] }[39m
[31m+         
Returns: {[39m
[31m+           
error: true[39m
[31m+         } & 
"the function public.
fn_with_single_unname
d_table_arg with 
parameter or with a 
single unnamed 
json/jsonb 
parameter, but no 
matches were found 
in the schema 
cache"[39m
[31m+       }[39m
[31m+       
name_translated: 
{[39m
[31m+         Args: 
{ "": Database["publi
c"]["Tables"]["produc
ts"]["Row"] }[39m
[31m+         
Returns: {[39m
[31m+           
error: true[39m
[31m+         } & 
"the function public.
name_translated with 
parameter or with a 
single unnamed 
json/jsonb 
parameter, but no 
matches were found 
in the schema 
cache"[39m
[31m+       }[39m
[31m+       
zero_arg_fn: { Args: 
Record<PropertyKey, 
never>; Returns: 
number }[39m
[31m+     }[39m
[31m+     Enums: 
{[39m
[31m+       [_ in 
never]: never[39m
[31m+     }[39m
[31m+     
CompositeTypes: 
{[39m
[31m+       [_ in 
never]: never[39m
[31m+     }[39m
[31m+   }[39m
[31m+ }[39m
[31m+[39m
[31m+ type DatabaseW
ithoutInternals = 
Omit<Database, "__Int
ernalSupabase">[39m
[31m+[39m
[31m+ type 
DefaultSchema = Datab
aseWithoutInternals[E
xtract<keyof 
Database, 
"public">][39m
[31m+[39m
[31m+ export type 
Tables<[39m
[31m+   DefaultSchem
aTableNameOrOptions 
extends[39m
  PublicCompositeTypeNameOrOptions extends
    | keyof DefaultSchema["CompositeTypes"]
    | { schema: keyof DatabaseWithoutInternals },
  CompositeTypeName extends PublicCompositeTypeNameOrOptions extends {
    schema: keyof DatabaseWithoutInternals
  }
    ? keyof DatabaseWithoutInternals[PublicCompositeTypeNameOrOptions["schema"]]["CompositeTypes"]
    : never = never,
> = PublicCompositeTypeNameOrOptions extends {
  schema: keyof DatabaseWithoutInternals
}
  ? DatabaseWithoutInternals[PublicCompositeTypeNameOrOptions["schema"]]["CompositeTypes"][CompositeTypeName]
  : PublicCompositeTypeNameOrOptions extends keyof DefaultSchema["CompositeTypes"]
    ? DefaultSchema["CompositeTypes"][PublicCompositeTypeNameOrOptions]
    : never

export const Constants = {
  public: {
    Enums: {},
  },
} as const


 Γ¥» test/server/typegen_repro.test.ts (1 test | 1 failed) 146ms
   ├ù repro: typescript generation issues 146ms
     ΓåÆ expected 'export type Json =\n  | string\n  | nΓÇª' to contain '"zero_arg_fn"'
[31m+     | keyof (D
efaultSchema["Tables"
] & DefaultSchema["Vi
ews"])[39m
[31m+     | { 
schema: keyof Databas
eWithoutInternals 
},[39m
[31m+   TableName 
extends DefaultSchema
TableNameOrOptions 
extends {[39m
[31m+     schema: 
keyof DatabaseWithout
Internals[39m
[31m+   }[39m
[31m+     ? keyof (D
atabaseWithoutInterna
ls[DefaultSchemaTable
NameOrOptions["schema
"]]["Tables"] &[39m
[31m+         Databa
seWithoutInternals[De
faultSchemaTableNameO
rOptions["schema"]]["
Views"])[39m
[31m+     : never = 
never,[39m
[31m+ > = DefaultSch
emaTableNameOrOptions
 extends {[39m
[31m+   schema: 
keyof DatabaseWithout
Internals[39m
[31m+ }[39m
[31m+   ? (DatabaseW
ithoutInternals[Defau
ltSchemaTableNameOrOp
tions["schema"]]["Tab
les"] &[39m
[31m+       Database
WithoutInternals[Defa
ultSchemaTableNameOrO
ptions["schema"]]["Vi
ews"])[TableName] 
extends {[39m
[31m+       Row: 
infer R[39m
[31m+     }[39m
[31m+     ? R[39m
[31m+     : 
never[39m
[31m+   : DefaultSch
emaTableNameOrOptions
 extends keyof (Defau
ltSchema["Tables"] 
&[39m
[31m+         Defaul
tSchema["Views"])[39
m
[31m+     ? (Default
Schema["Tables"] 
&[39m
[31m+         Defaul
tSchema["Views"])[Def
aultSchemaTableNameOr
Options] extends 
{[39m
[31m+         Row: 
infer R[39m
[31m+       }[39m
[31m+       ? R[39m
[31m+       : 
never[39m
[31m+     : 
never[39m
[31m+[39m
[31m+ export type 
TablesInsert<[39m
[31m+   DefaultSchem
aTableNameOrOptions 
extends[39m
[31m+     | keyof De
faultSchema["Tables"]
[39m
[31m+     | { 
schema: keyof Databas
eWithoutInternals 
},[39m
[31m+   TableName 
extends DefaultSchema
TableNameOrOptions 
extends {[39m

 Test Files  1 failed (1)
      Tests  1 failed (1)
   Start at  10:03:00
   Duration  854ms (transform 110ms, setup 0ms, collect 183ms, tests 146ms, environment 0ms, prepare 193ms)

[31m+     schema: 
keyof DatabaseWithout
Internals[39m
[31m+   }[39m
[31m+     ? keyof Da
tabaseWithoutInternal
s[DefaultSchemaTableN
ameOrOptions["schema"
]]["Tables"][39m
[31m+     : never = 
never,[39m
[31m+ > = DefaultSch
emaTableNameOrOptions
 extends {[39m
[31m+   schema: 
keyof DatabaseWithout
Internals[39m
[31m+ }[39m
[31m+   ? DatabaseWi
thoutInternals[Defaul
tSchemaTableNameOrOpt
ions["schema"]]["Tabl
es"][TableName] 
extends {[39m
[31m+       Insert: 
infer I[39m
[31m+     }[39m
[31m+     ? I[39m
[31m+     : 
never[39m
[31m+   : DefaultSch
emaTableNameOrOptions
 extends keyof Defaul
tSchema["Tables"][39
m
[31m+     ? DefaultS
chema["Tables"][Defau
ltSchemaTableNameOrOp
tions] extends {[39m
[31m+         
Insert: infer I[39m
[31m+       }[39m
[31m+       ? I[39m
[31m+       : 
never[39m
[31m+     : 
never[39m
[31m+[39m
[31m+ export type 
TablesUpdate<[39m
[31m+   DefaultSchem
aTableNameOrOptions 
extends[39m
[31m+     | keyof De
faultSchema["Tables"]
[39m
[31m+     | { 
schema: keyof Databas
eWithoutInternals 
},[39m
[31m+   TableName 
extends DefaultSchema
TableNameOrOptions 
extends {[39m
[31m+     schema: 
keyof DatabaseWithout
Internals[39m
[31m+   }[39m
[31m+     ? keyof Da
tabaseWithoutInternal
s[DefaultSchemaTableN
ameOrOptions["schema"
]]["Tables"][39m
[31m+     : never = 
never,[39m
[31m+ > = DefaultSch
emaTableNameOrOptions
 extends {[39m
[31m+   schema: 
keyof DatabaseWithout
Internals[39m
[31m+ }[39m
[31m+   ? DatabaseWi
thoutInternals[Defaul
tSchemaTableNameOrOpt
ions["schema"]]["Tabl
es"][TableName] 
extends {[39m
[31m+       Update: 
infer U[39m
[31m+     }[39m
[31m+     ? U[39m
[31m+     : 
never[39m
[31m+   : DefaultSch
emaTableNameOrOptions
 extends keyof Defaul
tSchema["Tables"][39
m
[31m+     ? DefaultS
chema["Tables"][Defau
ltSchemaTableNameOrOp
tions] extends {[39m
[31m+         
Update: infer U[39m
[31m+       }[39m
[31m+       ? U[39m
[31m+       : 
never[39m
[31m+     : 
never[39m
[31m+[39m
[31m+ export type 
Enums<[39m
[31m+   DefaultSchem
aEnumNameOrOptions 
extends[39m
[31m+     | keyof De
faultSchema["Enums"]
[39m
[31m+     | { 
schema: keyof Databas
eWithoutInternals 
},[39m
[31m+   EnumName 
extends DefaultSchema
EnumNameOrOptions 
extends {[39m
[31m+     schema: 
keyof DatabaseWithout
Internals[39m
[31m+   }[39m
[31m+     ? keyof Da
tabaseWithoutInternal
s[DefaultSchemaEnumNa
meOrOptions["schema"]
]["Enums"][39m
[31m+     : never = 
never,[39m
[31m+ > = DefaultSch
emaEnumNameOrOptions 
extends {[39m
[31m+   schema: 
keyof DatabaseWithout
Internals[39m
[31m+ }[39m
[31m+   ? DatabaseWi
thoutInternals[Defaul
tSchemaEnumNameOrOpti
ons["schema"]]["Enums
"][EnumName][39m
[31m+   : DefaultSch
emaEnumNameOrOptions 
extends keyof Default
Schema["Enums"][39m
[31m+     ? DefaultS
chema["Enums"][Defaul
tSchemaEnumNameOrOpti
ons][39m
[31m+     : 
never[39m
[31m+[39m
[31m+ export type 
CompositeTypes<[39m
[31m+   PublicCompos
iteTypeNameOrOptions 
extends[39m
[31m+     | keyof De
faultSchema["Composit
eTypes"][39m
[31m+     | { 
schema: keyof Databas
eWithoutInternals 
},[39m
[31m+   
CompositeTypeName 
extends PublicComposi
teTypeNameOrOptions 
extends {[39m
[31m+     schema: 
keyof DatabaseWithout
Internals[39m
[31m+   }[39m
[31m+     ? keyof Da
tabaseWithoutInternal
s[PublicCompositeType
NameOrOptions["schema
"]]["CompositeTypes"]
[39m
[31m+     : never = 
never,[39m
[31m+ > = PublicComp
ositeTypeNameOrOption
s extends {[39m
[31m+   schema: 
keyof DatabaseWithout
Internals[39m
[31m+ }[39m
[31m+   ? DatabaseWi
thoutInternals[Public
CompositeTypeNameOrOp
tions["schema"]]["Com
positeTypes"][Composi
teTypeName][39m
[31m+   : PublicComp
ositeTypeNameOrOption
s extends keyof Defau
ltSchema["CompositeTy
pes"][39m
[31m+     ? DefaultS
chema["CompositeTypes
"][PublicCompositeTyp
eNameOrOptions][39m
[31m+     : 
never[39m
[31m+[39m
[31m+ export const 
Constants = {[39m
[31m+   public: 
{[39m
[31m+     Enums: 
{},[39m
[31m+   },[39m
[31m+ } as 
const[39m
[31m+[39m

 Γ¥» test/server/type
gen_repro.test.ts:166
:20
    164|     // Use 
regex to be 
resilient to 
whitespace changes
    165|     const 
zeroArgRegex = /"zero
_arg_fn":\s*\{\s*Args
: Record<PropertyKΓÇª
    166|     expect(o
utput).toContain('"ze
ro_arg_fn"')
       |             
       ^
    167|     expect(o
utput).toContain('Arg
s: 
Record<PropertyKey, 
never>')
    168|     // expec
t(output).toMatch(zer
oArgRegex)

ΓÄ»ΓÄ»ΓÄ»ΓÄ»ΓÄ»ΓÄ»ΓÄ»
ΓÄ»ΓÄ»ΓÄ»ΓÄ»ΓÄ»ΓÄ»ΓÄ»
ΓÄ»ΓÄ»ΓÄ»ΓÄ»ΓÄ»ΓÄ»ΓÄ»
ΓÄ»ΓÄ»ΓÄ»[1/1]ΓÄ»

